RLU8 Object Linker, Ver.1.51.2 Linkage Information
[Tue Jul 29 19:31:29 2014]


                         ------------------
                          Control Synopsis
                         ------------------

I/O controls:    D  SD NS NA
Other controls: CC STACK( 0100H(256) )
                COMB( $$content_of_init $$end_of_init )
                COMB( $$init_info $$init_info_end )



                        ------------------------
                         Object Module Synopsis
                        ------------------------
                                                                Creator
Module Name           File Name                                 CCU8     RASU8
-----------           ---------                                 -----    -----
i2c                   _output\_obj\i2c.obj                      3.41     1.61
irq                   _output\_obj\irq.obj                      3.41     1.61
main                  _output\_obj\main.obj                     3.41     1.61
ml610111              _output\_obj\ml610111.obj                 -.--     1.61
tbc                   _output\_obj\tbc.obj                      3.41     1.61
timer                 _output\_obj\timer.obj                    3.41     1.61
uart                  _output\_obj\uart.obj                     3.41     1.61
ULDIVSW               longu8.lib                                -.--     1.04
DIV32SW               longu8.lib                                -.--     1.04
UIDIVSW               longu8.lib                                -.--     1.04
CIDIMOSW              longu8.lib                                -.--     1.04


Number of Modules: 11

Number of Symbols:
 +---------------------------------------------------------------------------+
 |          | CODE | DATA | BIT  |NVDATA|NVBIT |TABLE |NUMBER| TBIT || total |
 |----------+------+------+------+------+------+------+------+------++-------|
 | SEGMENT  |   103|     4|     0|     0|     0|     7|      |      ||    114|
 |----------+------+------+------+------+------+------+------+------++-------|
 | COMMUNAL |     0|     4|     0|     0|     0|     0|      |      ||      4|
 |----------+------+------+------+------+------+------+------+------++-------|
 | PUBLIC   |    48|     0|     0|     0|     0|     0|     0|     0||     48|
 +---------------------------------------------------------------------------+

Target:  ML610111 
Model:   SMALL


Memory Map - Program memory space #0:
      Type     Start      Stop
     -----------------------------
      ROM      00:0000    00:5FFF

Memory Map - Data memory space #0:
      Type     Start      Stop
     -----------------------------
      RAM      00:E000    00:E7FF
      RAM      00:F000    00:FFFF

Memory Map - Memory space above #1:
      Type     Start      Stop
     -----------------------------
      ROM      02:0000    02:0FFF
      ROM      08:0000    08:5FFF
      ROM      0A:0000    0A:0FFF

                         ------------------
                          Segment Synopsis
                         ------------------

Link Map - Program memory space #0 ( ROMWINDOW: 0000 - 5FFF )

      Type     Start      Stop       Size              Name
     -------------------------------------------------------
      S CODE   00:0000    00:0001    0002(2)           (absolute)
      S CODE   00:0002    00:0003    0002(2)           (absolute)
      S CODE   00:0004    00:0005    0002(2)           (absolute)
      S CODE   00:0006    00:0007    0002(2)           $$_intUndefHdr$irq
      S CODE   00:0008    00:0009    0002(2)           (absolute)
      S CODE   00:000A    00:000A    0000(0)           $$content_of_init
      S CODE   00:000A    00:000B    0002(2)           $$end_of_init
      S CODE   00:000C    00:0077    006C(108)         (absolute)
      S TABLE  00:0078    00:0091    001A(26)          $$NINITTAB
      S TABLE  00:0092    00:0099    0008(8)           $$init_info
      S TABLE  00:009A    00:009B    0002(2)           $$init_info_end
      S TABLE  00:009C    00:00A5    000A(10)          $$TAB_uartSetParam$main
      S CODE   00:00A6    00:00CF    002A(42)          $$uart_PortSet$uart
      S CODE   00:00D0    00:00EB    001C(28)          $$_intT16HINT$irq
      S CODE   00:00EC    00:0107    001C(28)          $$_intPB0INT$irq
      S CODE   00:0108    00:0123    001C(28)          $$_intPB1INT$irq
      S CODE   00:0124    00:0233    0110(272)         $$uart_continue$uart
      S CODE   00:0234    00:024F    001C(28)          $$_intPA0INT$irq
      S CODE   00:0250    00:0295    0046(70)          $$SerialLCD_Init_and_Clear$main
      S CODE   00:0296    00:02B1    001C(28)          $$_intPA1INT$irq
      S CODE   00:02B2    00:02CD    001C(28)          $$_intCMP1INT$irq
      S CODE   00:02CE    00:02D5    0008(8)           $$main_reqNotHalt$main
      S CODE   00:02D6    00:02F1    001C(28)          $$_intCMP0INT$irq
      S CODE   00:02F2    00:0303    0012(18)          $$ExtInt_ISR$main
      S CODE   00:0304    00:0307    0004(4)           $$_intUart$main
      S CODE   00:0308    00:0329    0022(34)          $$PIR_Detect$main
      S CODE   00:032A    00:0337    000E(14)          $$uart_ErrSet$uart
      S CODE   00:0338    00:0353    001C(28)          $$_intTM8INT$irq
      S CODE   00:0354    00:036F    001C(28)          $$_intTM9INT$irq
      S CODE   00:0370    00:038B    001C(28)          $$_intTMEINT$irq
      S CODE   00:038C    00:03A7    001C(28)          $$_intTMAINT$irq
      S CODE   00:03A8    00:03C3    001C(28)          $$_intUA0INT$irq
      S CODE   00:03C4    00:03DF    001C(28)          $$_intUA1INT$irq
      S CODE   00:03E0    00:03F3    0014(20)          $$main_clrWDT$main
      S CODE   00:03F4    00:0425    0032(50)          $$irq_setHdr$irq
      S CODE   00:0426    00:04C5    00A0(160)         $$PIR_ALARM$main
      S CODE   00:04C6    00:04E9    0024(36)          $$TMREF_ISR$main
      S CODE   00:04EA    00:05C9    00E0(224)         $$NOPms$main
      S CODE   00:05CA    00:061F    0056(86)          $$uart_startSend$uart
      S CODE   00:0620    00:0623    0004(4)           $$irq_di$irq
      S CODE   00:0624    00:0627    0004(4)           $$irq_ei$irq
      S CODE   00:0628    00:063F    0018(24)          $$TBC_ISR$main
      S CODE   00:0640    00:065B    001C(28)          $$_intT2HINT$irq
      S CODE   00:065C    00:065D    0002(2)           $$_intNullHdr$irq
      S CODE   00:065E    00:07AF    0152(338)         $$uart_init$uart
      S CODE   00:07B0    00:07D9    002A(42)          $$uart_PortClear$uart
      S CODE   00:07DA    00:07FD    0024(36)          $$TMR89_ISR$main
      S CODE   00:07FE    00:08C1    00C4(196)         $$PortB_Low$main
      S CODE   00:08C2    00:08E5    0024(36)          $$TMRAB_ISR$main
      S CODE   00:08E6    00:0901    001C(28)          $$_intPWDINT$irq
      S CODE   00:0902    00:091D    001C(28)          $$_intPWEINT$irq
      S CODE   00:091E    00:0939    001C(28)          $$_intPWFINT$irq
      S CODE   00:093A    00:0985    004C(76)          $$PortA_Low$main
      S CODE   00:0986    00:09A1    001C(28)          $$_intPWCINT$irq
      S CODE   00:09A2    00:09D9    0038(56)          $$tm_init$timer
      S CODE   00:09DA    00:09F9    0020(32)          $$uldivu8sw
      S CODE   00:09FA    00:0A03    000A(10)          $$_branchHdr$irq
      S CODE   00:0A04    00:0A35    0032(50)          $$main$main
      S CODE   00:0A36    00:0A51    001C(28)          $$uart_stop$uart
      S CODE   00:0A52    00:0AB5    0064(100)         $$PortC_Low$main
      S CODE   00:0AB6    00:0D1D    0268(616)         $$Initialization$main
      S CODE   00:0D1E    00:0D25    0008(8)           $$_intADC$main
      S CODE   00:0D26    00:0D37    0012(18)          $$_funcUartFin$main
      S CODE   00:0D38    00:0D43    000C(12)          $$_intI2c$main
      S CODE   00:0D44    00:0DDF    009C(156)         $$UART_TX_TEST$main
      S CODE   00:0DE0    00:104F    0270(624)         $$i2c_continue$i2c
      S CODE   00:1050    00:106B    001C(28)          $$_intPB2INT$irq
      S CODE   00:106C    00:1087    001C(28)          $$_intPB3INT$irq
      S CODE   00:1088    00:10A3    001C(28)          $$_intPA2INT$irq
      S CODE   00:10A4    00:10BF    001C(28)          $$_intT32HINT$irq
      S CODE   00:10C0    00:10DB    001C(28)          $$_intVLSINT$irq
      S CODE   00:10DC    00:10FB    0020(32)          $$SetOSC$main
      S CODE   00:10FC    00:1117    001C(28)          $$_intSADINT$irq
      S CODE   00:1118    00:1133    001C(28)          $$_intT128HINT$irq
      S CODE   00:1134    00:114D    001A(26)          $$_intWDTINT$irq
      S CODE   00:114E    00:1169    001C(28)          $$_intTMFINT$irq
      S CODE   00:116A    00:1185    001C(28)          $$_intTMBINT$irq
      S CODE   00:1186    00:11A1    001C(28)          $$_intI2CSINT$irq
      S CODE   00:11A2    00:11BD    001C(28)          $$_intSIO0INT$irq
      S CODE   00:11BE    00:124D    0090(144)         $$NCODml610111sw
      S CODE   00:124E    00:127B    002E(46)          $$div32u8sw
      S CODE   00:127C    00:1297    001C(28)          $$_intI2CMINT$irq
>GAP<          00:1298    00:5FDF    4D48(19784)       (ROM)
      S CODE   00:5FE0    00:5FFF    0020(32)          (absolute)


Link Map - Data memory space #0

      Type     Start      Stop       Size              Name
     -------------------------------------------------------
      Q ROMWIN 00:0000    00:5FFF    6000(24576)       (ROMWIN)
>GAP<          00:E000.0  00:E6A1.7  06A2.0(1698.0)    (RAM)
      S DATA   00:E6A2    00:E7A1    0100(256)         $STACK
      S DATA   00:E7A2    00:E7A2    0001(1)           $$NVARuart
>GAP<          00:E7A3.0  00:E7A3.7  0001.0(1.0)       (RAM)
      S DATA   00:E7A4    00:E7E1    003E(62)          $$NVARirq
      C DATA   00:E7E2    00:E7E2    0001(1)           __flgADCFin
      C DATA   00:E7E3    00:E7E3    0001(1)           __reqNotHalt
      S DATA   00:E7E4    00:E7FD    001A(26)          $$NINITVAR
      C DATA   00:E7FE    00:E7FE    0001(1)           __flgI2CFin
      C DATA   00:E7FF    00:E7FF    0001(1)           __flgUartFin
      Q SFR    00:F000    00:FFFF    1000(4096)        (SFR)


Link Map - Memory space above #1

      Type     Start      Stop       Size              Name
     -------------------------------------------------------
 ---
      S TABLE  02:0000    02:0FFF    1000(4096)        (absolute)
 ---
      S TABLE  08:0000    08:5FFF    6000(24576)       (absolute)
 ---
      S TABLE  0A:0000    0A:0FFF    1000(4096)        (absolute)


Not Linked segments:

      Module Name         Type       Size              Segment Name 
     --------------------------------------------------------------
      i2c
                          CODE       0006(6)           $$i2c_getTransSize$i2c
                          CODE       0088(136)         $$i2c_startReceive$i2c
                          CODE       0136(310)         $$i2c_init$i2c
                          CODE       002E(46)          $$i2c_stop$i2c
                          CODE       0020(32)          $$i2c_checkIRQ$i2c
                          CODE       0006(6)           $$i2c_clearIRQ$i2c
                          CODE       007A(122)         $$i2c_startSend$i2c
     --------------------------------------------------------------
      irq
                          CODE       0064(100)         $$irq_init$irq
     --------------------------------------------------------------
      main
                          CODE       0016(22)          $$HALL_Detect$main
                          CODE       000E(14)          $$PWM_B0_ON$main
                          CODE       0024(36)          $$NOPx$main
                          CODE       0012(18)          $$_funcI2CFin$main
                          CODE       0030(48)          $$PinB0_PWM$main
                          CODE       001A(26)          $$analog_comparator$main
                          CODE       0040(64)          $$PortA_Digital_Inputs$main
                          CODE       007C(124)         $$UART_RX_TEST$main
     --------------------------------------------------------------
      uart
                          CODE       0006(6)           $$uart_clearIRQ$uart
                          CODE       0020(32)          $$uart_checkIRQ$uart
                          CODE       0008(8)           $$uart_ErrClr$uart
                          CODE       0006(6)           $$uart_ErrGet$uart
                          CODE       0006(6)           $$uart_getTransSize$uart
                          CODE       0042(66)          $$uart_startReceive$uart
     --------------------------------------------------------------
      UIDIVSW
                          CODE       000C(12)          $$uidivu8sw
     --------------------------------------------------------------
      CIDIMOSW
                          CODE       0040(64)          $$cidimou8sw
     --------------------------------------------------------------


Total size (CODE  ) = 0128A   (4746)
Total size (DATA  ) = 0015D   (349)
Total size (BIT   ) = 00000.0 (0.0)
Total size (NVDATA) = 00000   (0)
Total size (NVBIT ) = 00000.0 (0.0)
Total size (TABLE ) = 0802E   (32814)

          -----------------------
           Symbol Table Synopsis
          -----------------------

Module         Value     Type         Symbol
------         -----     ----------   ------
i2c
               00:0DE0   Pub CODE     _i2c_continue
               00:E7E4   Loc DATA     __gsCtrlParam

Module         Value     Type         Symbol
------         -----     ----------   ------
irq
               00:02B2   Loc CODE     __intCMP1INT
               00:10A4   Loc CODE     __intT32HINT
               00:02D6   Loc CODE     __intCMP0INT
               00:0338   Loc CODE     __intTM8INT
               00:0354   Loc CODE     __intTM9INT
               00:1118   Loc CODE     __intT128HINT
               00:0640   Loc CODE     __intT2HINT
               00:127C   Loc CODE     __intI2CMINT
               00:1134   Loc CODE     __intWDTINT
               00:0234   Loc CODE     __intPA0INT
               00:038C   Loc CODE     __intTMAINT
               00:0296   Loc CODE     __intPA1INT
               00:11A2   Loc CODE     __intSIO0INT
               00:1186   Loc CODE     __intI2CSINT
               00:10FC   Loc CODE     __intSADINT
               00:00EC   Loc CODE     __intPB0INT
               00:09FA   Loc CODE     __branchHdr
               00:0370   Loc CODE     __intTMEINT
               00:0108   Loc CODE     __intPB1INT
               00:116A   Loc CODE     __intTMBINT
               00:1088   Loc CODE     __intPA2INT
               00:00D0   Loc CODE     __intT16HINT
               00:114E   Loc CODE     __intTMFINT
               00:1050   Loc CODE     __intPB2INT
               00:106C   Loc CODE     __intPB3INT
               00:08E6   Loc CODE     __intPWDINT
               00:0902   Loc CODE     __intPWEINT
               00:0986   Loc CODE     __intPWCINT
               00:03A8   Loc CODE     __intUA0INT
               00:0006   Loc CODE     __intUndefHdr
               00:03C4   Loc CODE     __intUA1INT
               00:091E   Loc CODE     __intPWFINT
               00:10C0   Loc CODE     __intVLSINT
               00:0620   Pub CODE     _irq_di
               00:0624   Pub CODE     _irq_ei
               00:03F4   Pub CODE     _irq_setHdr
               00:065C   Loc CODE     __intNullHdr
               00:E7A4   Loc DATA     __sIrqHdr

Module         Value     Type         Symbol
------         -----     ----------   ------
main
               00:0308   Pub CODE     _PIR_Detect
               00:03E0   Pub CODE     _main_clrWDT
               00:02CE   Pub CODE     _main_reqNotHalt
               00:0D44   Pub CODE     _UART_TX_TEST
               00:0A04   Pub CODE     _main
               00:0426   Pub CODE     _PIR_ALARM
               00:0250   Pub CODE     _SerialLCD_Init_and_Clear
               00:0A52   Pub CODE     _PortC_Low
               00:07FE   Pub CODE     _PortB_Low
               00:093A   Pub CODE     _PortA_Low
               00:02F2   Loc CODE     _ExtInt_ISR
               00:0628   Loc CODE     _TBC_ISR
               00:04EA   Loc CODE     _NOPms
               00:0D26   Loc CODE     __funcUartFin
               00:08C2   Loc CODE     _TMRAB_ISR
               00:0AB6   Loc CODE     _Initialization
               00:0304   Loc CODE     __intUart
               00:0D38   Loc CODE     __intI2c
               00:10DC   Loc CODE     _SetOSC
               00:0D1E   Loc CODE     __intADC
               00:07DA   Loc CODE     _TMR89_ISR
               00:04C6   Loc CODE     _TMREF_ISR
               00:009C   Loc TABLE    __uartSetParam

Module         Value     Type         Symbol
------         -----     ----------   ------
ml610111
              0000E7FF   Loc NUMBER   NEAR_RAM_END
              0000E000   Loc NUMBER   NEAR_RAM_START
               00:11E0   Loc CODE     __wdtcounter_clear
              000000FF   Loc NUMBER   _$$WINVAL
               00:5FFF   Loc TABLE    _$$ROMWINEND
               00:11C2   Loc CODE     $begin
               00:0000   Loc TABLE    _$$ROMWINSTART
               00:11F4   Loc CODE     __init_loop
               00:1240   Loc CODE     __init_end
               00:11C0   Loc CODE     $$brk_reset
               00:1200   Loc CODE     __skip
               00:121C   Loc CODE     __init_loop2
               00:122E   Loc CODE     __loop_by_byte
               00:11D0   Loc CODE     __near_ram_loop
               00:11BE   Pub CODE     $$start_up


Module         Value     Type         Symbol
------         -----     ----------   ------
tbc

Module         Value     Type         Symbol
------         -----     ----------   ------
timer
               00:09A2   Pub CODE     _tm_init

Module         Value     Type         Symbol
------         -----     ----------   ------
uart
               00:00A6   Pub CODE     _uart_PortSet
               00:065E   Pub CODE     _uart_init
               00:032A   Pub CODE     _uart_ErrSet
               00:0A36   Pub CODE     _uart_stop
               00:05CA   Pub CODE     _uart_startSend
               00:0124   Pub CODE     _uart_continue
               00:07B0   Pub CODE     _uart_PortClear
               00:E7A2   Loc DATA     __Err_Status
               00:E7F4   Loc DATA     __gsCtrlParam

End of mapfile.
